A51 MACRO ASSEMBLER  EX_3                                                                 08/18/2017 19:58:20 PAGE     1


MACRO ASSEMBLER A51 V8.02c
OBJECT MODULE PLACED IN .\Objects\ex-3.obj
ASSEMBLER INVOKED BY: C:\Keil_v5\C51\BIN\A51.EXE ex-3.a51 SET(SMALL) DEBUG PRINT(.\Listings\ex-3.lst) OBJECT(.\Objects\e
                      x-3.obj) EP

LOC  OBJ            LINE     SOURCE

                       1     ;objetivo: criar um temporizador e verificar seu tempo de execução
                       2     
0000                   3     ORG 0000h
                       4             
                       5             ;carrega o R6 com um valor para fazer um laço
                       6             
0000 7809              7             MOV R0, #9d
                       8     
0002                   9     loop3:
0002 7FDD             10             MOV R7, #221d 
                      11             ;repete delay de 0,5ms 250 vezes
0004                  12             delay_do_delay:
0004 7EFA             13                     MOV R6, #250d
                      14                     ;gasta 2 us cada vez, 500 us no total
0006                  15                     delay:
0006 DEFE             16                             DJNZ R6, delay
0008 DFFA             17                     DJNZ R7, delay_do_delay
000A D8F6             18             DJNZ R0, loop3
                      19             
000C 00               20             NOP
000D 80FE             21             JMP $   ;preso aqui
                      22             
                      23     END
A51 MACRO ASSEMBLER  EX_3                                                                 08/18/2017 19:58:20 PAGE     2

SYMBOL TABLE LISTING
------ ----- -------


N A M E             T Y P E  V A L U E   ATTRIBUTES

DELAY. . . . . . .  C ADDR   0006H   A   
DELAY_DO_DELAY . .  C ADDR   0004H   A   
LOOP3. . . . . . .  C ADDR   0002H   A   


REGISTER BANK(S) USED: 0 


ASSEMBLY COMPLETE.  0 WARNING(S), 0 ERROR(S)
