C51 COMPILER V9.56.0.0   KEYPAD                                                            12/07/2017 15:31:00 PAGE 1   


C51 COMPILER V9.56.0.0, COMPILATION OF MODULE KEYPAD
OBJECT MODULE PLACED IN .\Objects\keypad.obj
COMPILER INVOKED BY: D:\Program Files\Keil\C51\BIN\C51.EXE keypad.c OPTIMIZE(8,SPEED) BROWSE PRINT(.\Listings\keypad.lst
                    -) TABS(6) OBJECT(.\Objects\keypad.obj)

line level    source

   1          #include "keypad.h"
   2          
   3          void Delay_key(int a){
   4   1        int j;
   5   1        int i;
   6   1        for(i=0;i<a;i++)
   7   1        {
   8   2          for(j=0;j<100;j++)
   9   2          {
  10   3          }
  11   2        }
  12   1      }
  13          
  14          
  15          unsigned char Read_Keypad()
  16          {
  17   1        C1=1;
  18   1        C2=1;
  19   1        C3=1;
  20   1        C4=1;
  21   1        R1=0;
  22   1        R2=1;
  23   1        R3=1;
  24   1        R4=1;
  25   1        if(C1==0){
  26   2              Delay_key(100);
  27   2              while(C1==0);
  28   2              return 'D';
  29   2            }
  30   1        if(C2==0){Delay_key(100);while(C2==0);return 'C';}
  31   1        if(C3==0){Delay_key(100);while(C3==0);return 'B';}
  32   1        if(C4==0){Delay_key(100);while(C4==0);return 'A';}
  33   1        R1=1;
  34   1        R2=0;
  35   1        R3=1;
  36   1        R4=1;
  37   1        if(C1==0){Delay_key(100);while(C1==0);return '#';}
  38   1        if(C2==0){Delay_key(100);while(C2==0);return '9';}
  39   1        if(C3==0){Delay_key(100);while(C3==0);return '6';}
  40   1        if(C4==0){Delay_key(100);while(C4==0);return '3';}
  41   1        R1=1;
  42   1        R2=1;
  43   1        R3=0;
  44   1        R4=1;
  45   1        if(C1==0){Delay_key(100);while(C1==0);return '0';}
  46   1        if(C2==0){Delay_key(100);while(C2==0);return '8';}
  47   1        if(C3==0){Delay_key(100);while(C3==0);return '5';}
  48   1        if(C4==0){Delay_key(100);while(C4==0);return '2';}
  49   1        R1=1;
  50   1        R2=1;
  51   1        R3=1;
  52   1        R4=0;
  53   1        if(C1==0){Delay_key(100);while(C1==0);return '*';}
  54   1        if(C2==0){Delay_key(100);while(C2==0);return '7';}
C51 COMPILER V9.56.0.0   KEYPAD                                                            12/07/2017 15:31:00 PAGE 2   

  55   1        if(C3==0){Delay_key(100);while(C3==0);return '4';}
  56   1        if(C4==0){Delay_key(100);while(C4==0);return '1';}
  57   1        return 0;
  58   1      }


MODULE INFORMATION:   STATIC OVERLAYABLE
   CODE SIZE        =    277    ----
   CONSTANT SIZE    =   ----    ----
   XDATA SIZE       =   ----    ----
   PDATA SIZE       =   ----    ----
   DATA SIZE        =   ----    ----
   IDATA SIZE       =   ----    ----
   BIT SIZE         =   ----    ----
END OF MODULE INFORMATION.


C51 COMPILATION COMPLETE.  0 WARNING(S),  0 ERROR(S)
